                                      1 ;--------------------------------------------------------
                                      2 ; File Created by SDCC : free open source ISO C Compiler 
                                      3 ; Version 4.3.2 #14228 (Mac OS X x86_64)
                                      4 ;--------------------------------------------------------
                                      5 	.module main
                                      6 	.optsdcc -msm83
                                      7 	
                                      8 ;--------------------------------------------------------
                                      9 ; Public variables in this module
                                     10 ;--------------------------------------------------------
                                     11 	.globl _main
                                     12 	.globl _puts
                                     13 ;--------------------------------------------------------
                                     14 ; special function registers
                                     15 ;--------------------------------------------------------
                                     16 ;--------------------------------------------------------
                                     17 ; ram data
                                     18 ;--------------------------------------------------------
                                     19 	.area _DATA
                                     20 ;--------------------------------------------------------
                                     21 ; ram data
                                     22 ;--------------------------------------------------------
                                     23 	.area _INITIALIZED
                                     24 ;--------------------------------------------------------
                                     25 ; absolute external ram data
                                     26 ;--------------------------------------------------------
                                     27 	.area _DABS (ABS)
                                     28 ;--------------------------------------------------------
                                     29 ; global & static initialisations
                                     30 ;--------------------------------------------------------
                                     31 	.area _HOME
                                     32 	.area _GSINIT
                                     33 	.area _GSFINAL
                                     34 	.area _GSINIT
                                     35 ;--------------------------------------------------------
                                     36 ; Home
                                     37 ;--------------------------------------------------------
                                     38 	.area _HOME
                                     39 	.area _HOME
                                     40 ;--------------------------------------------------------
                                     41 ; code
                                     42 ;--------------------------------------------------------
                                     43 	.area _CODE
                                     44 ;main.c:4: void main() {
                                     45 ;	---------------------------------
                                     46 ; Function main
                                     47 ; ---------------------------------
      000000                         48 _main::
                                     49 ;main.c:5: for (int i = 0; i < 10; i++) {
      000000 0E 00            [ 8]   50 	ld	c, #0x00
      000002                         51 00103$:
      000002 79               [ 4]   52 	ld	a, c
      000003 D6 0A            [ 8]   53 	sub	a, #0x0a
      000005 D0               [20]   54 	ret	NC
                                     55 ;main.c:6: printf("^.^\n");
      000006 C5               [16]   56 	push	bc
      000007 11r11r00         [12]   57 	ld	de, #___str_1
      00000A CDr00r00         [24]   58 	call	_puts
      00000D C1               [12]   59 	pop	bc
                                     60 ;main.c:5: for (int i = 0; i < 10; i++) {
      00000E 0C               [ 4]   61 	inc	c
                                     62 ;main.c:8: }
      00000F 18 F1            [12]   63 	jr	00103$
      000011                         64 ___str_1:
      000011 5E 2E 5E                65 	.ascii "^.^"
      000014 00                      66 	.db 0x00
                                     67 	.area _CODE
                                     68 	.area _INITIALIZER
                                     69 	.area _CABS (ABS)
